// Jest Snapshot v1, https://goo.gl/fbAQLP

exports[`Calendar Dashboard Panel renders calendar dashboard panel 1`] = `
<CalendarDashboardPanel
  hasActiveShift={true}
  store={
    Object {
      "clearActions": [Function],
      "dispatch": [Function],
      "getActions": [Function],
      "getState": [Function],
      "replaceReducer": [Function],
      "subscribe": [Function],
    }
  }
>
  <li
    className="__card govuk-grid-column-one-third"
    id="calendarPanel"
    style={
      Object {
        "marginBottom": "30px",
      }
    }
  >
    <a
      className="card__body"
      href="/calendar"
      id="calendarPageLink"
      onClick={[Function]}
      style={
        Object {
          "color": "#005ea5",
        }
      }
    >
      <span
        className="govuk-!-font-size-36 govuk-!-font-weight-bold"
      >
        Calendar
      </span>
    </a>
    <div
      className="card__footer"
    >
      <span
        className="govuk-!-font-size-19"
      >
        Coming soon
      </span>
    </div>
  </li>
</CalendarDashboardPanel>
`;
